%11 is a useless load
%55 is a useless load
%177 is a useless load
%465 is a useless load
%484 is a useless load
%631 is a useless load
%652 is a useless load
%675 is a useless load
%736 is a useless load
%794 is a useless load
%821 is a useless load
%841 is a useless load
%1056 is a useless load
%1165 is a useless load
%1192 is a useless load
%1211 is a useless load
%1316 is a useless load
%1400 is a useless load
%1416 is a useless load
